acclaimed
acclamation
abundant
accessable
accessible
accurate
achievement
achievements
admirable
admirably
admirable
admirably
admiration
admire
admirer
admiring
admiringly
adorable
adore
adored
adorer
adoring
adoringly
adroit
adroitly
accomplish
accomplished
accomplishment
accomplishments
advantageously
advantages
adventuresome
adventurous
acclaim
amaze
amazed
amazement
amazes
amazing
amazingly
ambitious
ambitiously
ameliorate
muse
amusing
amusingly
angel
angelic
affectation
affection
affectionate
affordable
affordably
afordable
agile
agilely
agility
agreeable
appealing
applaud
appreciable
appreciate
appreciated
appreciates
appreciative
appreciatively
appropriate
appeal
astonish
astonished
astonishing
astonishingly
astonishment
astound
astounded
astounding
astoundingly
astutely
attentive
attraction
attractive
attractively
aver
avid
avidly
award
awarded
awards
awe
awed
awesome
awesomely
awesomeness
awestruck
awsome
balanced
bargain
beauteous
beautiful
beautifullly
beautifully
beautify
beauty
beckon
beckoned
beckoning
beckons
believable
believeable
beloved
benefactor
beneficent
beneficial
beneficially
beneficiary
benefit
benefits
benevolence
benevolent
benifits
best
best-known
best-performing
best-selling
better
better-known
better-than-expected
beutifully
blameless
bless
blessing
bliss
blissful
blissfully
blithe
blockbuster
bloom
blossom
bolster
bonny
bonus
bonuses
boom
booming
boost
boundless
bountiful
brainiest
brainy
brand-new
brave
bravery
bravo
breakthrough
breakthroughs
breathlessness
breathtaking
breathtakingly
breeze
bright
brighten
brighter
brightest
brilliance
brilliances
brilliant
brilliantly
brotherly
calm
calming
calmness
capability
capable
capably
captivate
captivating
carefree
cashback
cashbacks
catchy
celebrate
celebrated
celebration
celebratory
champ
champion
charisma
charismatic
charitable
charm
charming
charmingly
chaste
cheer
cheerful
cheery
cherish
cherished
cherub
chic
chivalrous
chivalry
civility
civilize
clarity
classic
classy
clean
cleaner
cleanest
cleanliness
cleanly
clear
clear-cut
cleared
clearer
clearly
clears
clever
cleverly
complementary
complemented
complements
compliant
compliment
complimentary
comprehensive
conciliate
conciliatory
concise
confidence
confident
congenial
congratulate
congratulation
congratulations
congratulatory
conscientious
considerate
consistent
consistently
constructive
cool
coolest
cooperative
cooperatively
cornerstone
correct
correctly
cost-effective
cost-saving
counter-attack
counter-attacks
courage
courageous
courageously
courageousness
courteous
courtly
covenant
creative
credence
credible
crisp
crisper
cure
cure-all
cushy
cute
cuteness
daringly
darling
dashing
dauntless
dawn
dazzle
dazzled
dazzling
delight
delighted
delightful
delightfully
delightfulness
desirable
desiring
eagerly
eagerness
ecstasies
ecstasy
ecstatic
ecstatically
electrify
elegance
elegant
elegantly
elite
eloquence
eloquent
eloquently
embolden
empower
empowerment
enchant
enchanted
enchanting
enchantingly
encourage
encouragement
encouraging
encouragingly
endear
endearing
endorse
endorsed
endorsement
endorses
endorsing
engaging
engrossing
enhance
enhanced
enhancement
enhances
enjoy
enjoyable
enjoyably
enjoyed
enjoying
enjoyment
enjoys
enlighten
enlightenment
enterprising
entertain
entertaining
entertains
enthral
enthrall
enthralled
enthuse
enthusiasm
enthusiast
enthusiastic
enthusiastically
entice
enticed
enticing
enticingly
eulogize
euphoria
euphoric
euphorically
evaluative
evenly
eventful
everlasting
evocative
exceeding
exceedingly
exceeds
excel
exceled
excelent
excellant
excelled
excellence
excellency
excellent
excellently
excels
exceptional
exceptionally
excite
excited
excitedly
excitedness
excitement
excites
exciting
excitingly
exellent
exemplar
exemplary
exhilarate
exhilarating
exhilaratingly
exhilaration
eye-catch
eye-catching
eyecatch
eyecatching
fabulous
fabulously
facilitate
fair
fairly
fairness
faith
faithful
faithfully
faithfulness
fame
famed
famous
famously
fancier
fancinating
fancy
fanfare
fans
fantastic
fantastically
fascinate
fascinating
fascinatingly
fascination
fashionable
fashionably
fast
fav
fave
favor
favorable
favored
favorite
favorited
firmer
first-class
first-in-class
first-rate
flashy
flatter
flattering
flatteringly
flawless
flawlessly
flexibility
flexible
flourish
flourishing
fluentgaily
gain
gained
gainful
genius
gentle
gentlest
genuine
gifted
glad
gladden
gladly
gladness
glamorous
glee
gleeful
glimmer
glimmering
glisten
glistening
glitter
glitz
glorify
glorious
gloriously
glory
glow
glowing
glowingly
god-given
god-send
godlike
godsend
gold
golden
good
goodly
goodness
goodwill
goood
gooood
gorgeous
gorgeously
grace
graceful
gracefully
gracious
graciously
graciousness
grand
grandeur
grateful
gratefully
gratification
gratified
gratifies
gratify
gratifying
gratifyingly
gratitude
great
greatest
greatness
grin
gleefully
groundbreaking
guarantee
guidance
guiltless
gumption
gush
gusto
gutsy
hail
halcyon
hands-down
handsome
happily
happiness
happy
hard-working
healthful
healthy
hearten
heartening
heartfelt
heartily
heartwarming
heaven
heavenly
heroic
heroically
heroine
heroize
heros
high-quality
high-spirited
hilarious
holy
homage
honest
honesty
honor
honorable
honored
honoring
hooray
hopeful
hospitable
hot
hotcake
hotcakes
hottest
hug
humane
humble
humility
humor
ideal
idealize
ideally
idol
idolize
idolized
idyllic
illuminate
illuminati
illuminating
illumine
illustrious
ilu
imaculate
imaginative
immaculate
immaculately
immense
impeccable
impeccably
important
impress
impressed
impresses
impressive
impressively
impressiveness
improve
improved
improvement
improvements
improves
improving
incredible
incredibly
insightful
insightfully
inspiration
inspirational
inspire
inspiring
intimacy
intimate
invaluable
invaluablely
inventive
invigorate
invigorating
invincibility
invincible
irresistible
irresistibly
issue-free
jaw-droping
jaw-dropping
jollify
jolly
jovial
joy
joyful
joyfully
joyous
joyously
jubilant
jubilantly
jubilate
jubilation
jubiliant
judicious
justly
law-abiding
lawful
lawfully
legendary
light-hearted
liked
likes
liking
lovable
lovably
love
loved
loveliness
lovely
lover
loves
loving
loyal
loyalty
lucid
lucidly
luck
luckier
luckiest
luminous
lush
luster
lustrous
luxuriant
luxuriate
luxurious
luxuriously
luxury
magic
magical
magnanimous
magnanimously
magnificence
magnificent
magnificently
majestic
majesty
manageable
maneuverable
marvel
marveled
marvelled
marvellous
marvelous
marvelously
marvelousness
marvels
master
masterful
mesmerize
mesmerized
mesmerizes
mesmerizing
mesmerizingly
mind-blowing
miracle
miracles
miraculous
miraculously
miraculousness
modern
modest
modesty
momentous
monumental
monumentally
morality
neat
neatest
neatly
nice
nicely
nicer
nicest
oasis
obsession
obsessions
outdone
outperform
outperformed
outperforming
outperforms
outshine
outshone
outsmart
outstanding
outstandingly
outstrip
outwit
ovation
overjoyed
overtake
overtaken
overtakes
overtaking
overtook
overture
passion
passionate
paradise
peace
peaceable
peaceful
peacefully
peacekeepers
peach
peerless
pleasant
pleasantly
pleased
pleases
pleasing
pleasingly
pleasurable
pleasurably
pleasure
plentiful
pluses
personalized
phenomenal
phenomenally
picturesque
polite
politeness
popular
portable
posh
positive
positively
positives
powerful
plusses
poetic
powerfully
praise
praiseworthy
prefer
preferable
preferably
rapture
raptureous
raptureously
rapturous
rapturously
rational
razor-sharp
prestigious
prettily
pretty
priceless
pride
principled
privilege
privileged
prize
proactive
proud
proven
proves
providence
proving
prowess
prudence
prudent
prudently
punctual
pure
purify
purposeful
receptive
reclaim
recomend
recommend
recommendation
redeem
redeeming
redemption
refine
refined
refinement
reform
reformed
reforming
reforms
refresh
refreshed
refreshing
refund
refunded
regal
regally
rejoicingly
rejuvenate
rejuvenated
rejuvenating
revolutionary
revolutionize
revolutionized
revolutionizes
respect
respectable
respectful
respectfully
reward
rewarding
rewardingly
righteous
righteously
righteousness
rightful
rightfully
rightly
rock-star
rock-stars
rockstar
rockstars
romantic
romantically
romanticize
salutary
salute
sane
satisfactorily
satisfactory
satisfied
satisfies
satisfy
satisfying
satisified
sexy
sharp
sharper
sharpest
shimmering
shimmeringly
shine
shiny
significant
soulful
soundly
soundness
spacious
sparkle
sparkling
spectacular
spectacularly
spirited
spiritual
splendid
splendidly
splendor
spontaneous
soothingly
sophisticated
speedily
speedy
spellbind
spellbinding
spellbindingly
spellbound
stability
stabilize
stable
stainless
standout
state-of-the-art
stately
statuesque
staunch
staunchly
staunchness
steadfast
steadfastly
steadfastness
steadiest
steadiness
steady
stellar
stellarly
stimulate
stimulates
stimulating
stimulative
stirringly
straighten
straightforward
streamlined
striking
strikingly
striving
strong
stronger
strongest
stunned
stunning
stunningly
stupendous
stupendously
sturdier
stylish
stylishly
stylized
temptingly
tenacious
tenaciously
tenacity
tender
tenderly
terrific
trustworthiness
trustworthy
trusty
truthful
truthfully
truthfulness
twinkly
ultimate

well-educated
well-established
well-informed
well-intentioned
well-known
well-made
well-managed
well-mannered
well-positioned
well-received
well-regarded
well-rounded
well-run
well-wishers
whoa
wholeheartedly
wholesome
whooa
whoooa
wieldy
willing
willingly
willingness
win
windfall
winnable
winner
winners
winning
wins
wisdom
wise
wisely
witty
won
wonder
wonderful
wonderfully
wonderous
wonderously
wonders
wondrous
woo
work
workable
worked
works
world-famous
worth
worth-while
worthiness
worthwhile
worthy
wow
wowed
wowing
wows
yay
youthful
zeal
zenith
zest
zippy
maturity
meaningful
memorable

