abort
aborted
aborts
abrade
abrasive
abrupt
abruptly
abscond
absence
absent-minded
absentee
absurd
absurdity
absurdly
absurdness
abuse
abused
abuses
abusive
abysmal
abysmally
abyss
accidental
accost
accursed
accusation
accusations
accuse
accuses
accusing
accusingly
acerbate
acerbic
acerbically
ache
aggressor
aggrieve
aggrieved
aggrivation
aghast
agonies
agonize
agonizing
agonizingly
agony
ailing
ailment
aimless
alarm
alarmed
alarming
alienate
alienated
alienation
allegation
allegations
allege
aloof
amiss
amputate
anarchism
anarchy
anemic
anger
angrily
angriness
angry
anguish
animosity
annihilate
annihilation
annoy

annoyance
annoyances
annoyed
annoying
annoyingly
annoys
anomalous
anomaly
antagonism
antagonist
antagonistic
antagonize
anti-
anti-american
anti-israeli
anti-occupation
anti-proliferation
anti-semites
anti-social
anti-us
anti-white
antipathy
antiquated
antithetical

annoyance
annoyances
annoyed
annoying
annoyingly
annoys
anomalous
anomaly
antagonism
antagonist
antagonistic
antagonize
anti-
anti-american
anti-israeli
anti-occupation
anti-proliferation
anti-semites
anti-social
anti-us
anti-white
antipathy
antiquated
antithetical
audacious
audaciously
audaciousness
aversion
aweful
awful
awfully
awfulness
backaches
backaching
backbite
backbiting
backward
backwardness
bad
badly
baffle
baffled
bafflement
baffling
bait
balk
banal
banalize
bastard
bastards
battered
barren
baseless
bash
bashed
bashful
bashing
battering
bicker
bickering
bid-rigging
bigotries
bigotry
bitch
bitchy
biting
bitingly
bitter
bitterly
bitterness
bizarre
blaspheme
blasphemous
blasphemy
blow
blunder
blundering
blunders
blunt
blur
bluring
bonkers
blind
blinding
blindingly
blindside

bore
bored
boredom
bores
boycott
braggart
bragger
brainless
bogus
buckle
bug
bugging
buggy
bugs
bulkier
bulkiness
bulky
bulkyness
bull****
bull----
bullies
bullshit
bullshyt
chastise
chastisement
chatter
chatterbox
cheap
cheapen
cheaply
cheat
cheated
cheater
cheating
cheats
clueless
clumsy
clunky
coarse
cocky
coerce
complain
complained
complaining
complains
complaint
complaints
complex
complicated
complication
complicit
compulsion
compulsive
concede
conceded
conceit
conceited
concen
creaks
credulous
creep
creeping
creeps
creepy
criticisms
criticize
criticized
criticizing
critics
cronyism
crook
crooked
crooks
crowded
crowdedness
crude
cruel
crueler
cruelest
cruelly
cruelness
cruelties
cruelty
crumble
crumbling
crummy
crumple
crumpled
crumples
cussed
cutthroat
cynical
cynicism
d*mn
damage
damaged
damages
damaging
damn
damnable
damnably
damnation
damned
damning
damper
danger
dangerous
dangerousness
dark
darken
darkened
darker
darkness
dastard
dastardly
daunt
daunting
dauntingly
dawdle
decry
defamation
defamations
defamatory
defame
defect
defective
defects
deadbeat
deadlock
decadent
decay
decayed
deceit
deceitful
deceitfully
deceitfulness
deceive
deign
deject
dejected
dejectedly
dejection
delay
delayed
delaying
delays
depressions
deprive
deprived
deride
depress
depressed
depressing
depressingly
depression
derision
delude
deluded
deluge
delusion
delusional
delusions
demean
demeaning
demise
demolish
demolisher
demon
demonic
demonize
demonized
demonizes
demonizing
demoralize
demoralizing
demoralizingly
deprave
depraved
depravedly
deprecate
derisive
derisively
derisiveness
derogatory
desecrate
desert
desertion
desiccate
desiccated
desititute
diabolically
diametrically
diappointed
die
dinky
dire
direly
direness
dirt
dirtbag
dirtbags
dirts
dirty
disable
disabled
disaccord
disadvantage
disadvantaged
disadvantageous
disadvantages
disaffect
disaffected
disaffirm
disagree
disagreeable
disagreeably
disagreed
disagreeing
disagreement
disagrees
disallow
disapointed
disapointing
disapointment
disappoint
disappointed
disappointing
disappointingly
disappointment
disappointments
disappoints
disapprobation
disapproval
disapprove
disapproving
disarm
disarray
disaster
disasterous
disastrous
disavow
disavowal
disbelief
disbelieve
disbeliever
disclaim
discombobulate
discomfit
discomfititure
discomfort
discompose
disconcert
disconcerted
disconcerting
disconcertingly
disconsolate
disconsolately
disconsolation
discontent
discontented
discontentedly
discontinued
discontinuity
discontinuous
discord
discordance
discordant
discountenance
discourage
discouragement
discouraging
discouragingly
discourteous
discourteously
discoutinous
discredit
discrepant
discriminate
discrimination
discriminatory
disdain
disdained
disdainful
disdainfully
disfavor
disgrace
disgraced
disgraceful
disgracefully
disgruntle
disgruntled
disgust
disgusted
disgustedly
disgustful
disgustfully
disgusting
disgustingly
dishearten
disheartening
dishearteningly
dishonest
dishonestly
dishonesty
dishonor
dishonorable
dishonorablely
disillusion
dislike
disliked
dislikes
disliking
dislocated
disloyal
disloyalty
dismal
dismally
dismalness
dismay
difficult
difficulties
difficulty
diffidence
dilapidated
dilemma
dilly-dally
dim
dimmer
din
ding
dings
dismayed
dismaying
dismayingly
dismissive
dismissively
disobedience
disobedient
disobey
disoobedient
disorder
disordered
disorderly
disorganized
disorient
disoriented
disown
dispirit
dispirited
dispiritedly
dispiriting
displace
displaced
displease
displeased
displeasing
displeasure
disputed
disquiet
disquieting
disquietingly
disquietude
disregard
disregardful
disreputable
disrepute
disrespect
disrespectable
disrespectablity
disrespectful
disrespectfully
disrespectfulness
disrespecting
disrupt
disruption
disruptive
diss

dissapointed
dissappointed
dissappointing
dissatisfaction
dissatisfactory
dissatisfied
dissatisfies
dissatisfy
dissatisfying
dissed
dissuasive
distains
distaste
distasteful
distastefully
distort
distorted
distortion
distorts
distract
distracting
distraction
distraught
distraughtly
distraughtness
distress
distressed
distressing
distressingly
distrust
distrustful
distrusting
disturb
disturbance
disturbed
disturbing
disturbingly
disunity
doomsday
dope
doubt
doubtful
doubtfully
doubts
douchbag
douchebag
douchebags
downfall
downfallen
downgrade
downhearted
downheartedly
downhill
downside
downsides
dud
dull
dullard
dumb
dumbfound
dump
dumped
dumping
dumps
dunce
dungeon
dungeons
f**k
fabricate
fabrication
facetious
facetiously
fail
failed
failing
fails
failure
failures
farcical
farcical-yet-provocative
farcically
farfetched
fascism
fascist
fastidious
fastidiously
fastuous
fat
fat-cat
fat-cats
fatal
fatalistic
fatalistically
fatally
fatcat
fatcats
fault
faults
faulty
fawningly
faze
fear
fearful
fearfully
fears
fearsome
feckless
feeble
feeblely
filth
filthy
finagle
finicky
fissures
fist
flabbergast
fool
fooled
foolhardy
foolish
foolishly
foolishness
forbid
forbidden
forbidding
forceful
foreboding
forebodingly
forfeit
forged
forgetful
forgetfully
forgetfulness
foul
foully
foulness
fractious
fractiously
fracture
fragile
fragmented
frail
frantic
frantically
franticly
fraud
fraudulent
fraught
frazzle
frazzled
freak
freaking
freakish
freakishly
fuck
fucking
fudge
fugitive
full-blown
fulminate
fumble
fume
fumes
fundamentalism
funky
funnily
funny
furious
furiously
furor
fury
glum
glut
gnawing
goad
goading
god-awful
goof
goofy
goon
graceless
gracelessly
graft
grievously
grim
grimace
grind
gripe
gripes
grisly
gritty
hangs
haphazard
hapless
harangue
harass
harassed
harasses
harassment
harboring
hamper
hampered
handicapped
hang
hasty
hate
hated
hateful
hatefully
hatefulness
hater
haters
hates
hating
hatred
haughtily
haughty
hazard
hazardous
haze
hazy
head-aches
headache
headaches
heartbreaker
heartbreaking
heartbreakingly
heartless
heathen
heavy-handed
heavyhearted
heck
heckle
heckled
heckles
hestitant
hideous
hideously
hideousness
high-priced
hiliarious
hinder
hindrance
horrendous
horrendously
horrible
horrid
horrific
horrified
horrifies
horrify
horrifying
horrifys
hostage
hostile
hostilities
idiocies
idiocy
idiot
idiotic
idiotically
idiots
ignore
ill-advised
ill-conceived
ill-defined
ill-designed
ill-fated
ill-favored
ill-formed
ill-mannered
ill-natured
ill-sorted
ill-tempered
ill-treated
ill-treatment
ill-usage
ill-used
illegal
illegally
illegitimate
illicit
illiterate
illness
illogic
illogical
illogically
illusion
illusions
illusory
immobilized
immoderate
immoderately
immodest
immoral

immorality
immorally
immovable
impair
impaired
inability
inaccuracies
inaccuracy
inaccurate
inaccurately
inaction
inactive
inadequacy
inadequate
inadequately
inadverent
inadverently
inadvisable
inadvisably
inane
inanely
inappropriate
inappropriately
inapt
inaptitude
inarticulate
inattentive
incompetent
incompetently
incomplete
incompliant
incomprehensible
incomprehension
inconceivable
inconceivably
incongruous
incongruously
inconsequent
inconsequential
inconsequentially
inconsequently
inconsiderate
inconsiderately
inconsistence
inconsistencies
inconsistency
inconsistent
inevitable
inevitably
inexcusable
inexcusably
inexorable
inexorably
inexperience
inexperienced
inexpert
inexpertly
inexpiable
insubordinate
insubstantial
insubstantially
insufferable
insufferably
insufficiency
insufficient
insufficiently
insular
insult
insulted
insulting
insultingly
insults
insupportable
insupportably
insurmountable
insurmountably
interferes
intermittent
interrupt
interruption
interruptions
intimidate
intimidating
intimidatingly
intimidation
intolerable
intolerablely
intolerance
intoxicate
intractable
intransigence
intransigent
ironically
ironies
irony
irragularity
irrational
irrationalities
irrationality
irrationally
irrationals
miserable
irascible
irate
irately
ire
irk
irked
irking
irks
irksome
irksomely
irretrievable
irreversible
irritable
irritably
irritant
irritate
irritated
irritating
irritation
irritations
isolate
isolated
isolation
itching
itchy
jabber
jaded
jagged
jam
jarring
jaundiced
jealous
jolt
judder
juddering
judders
jumpy
junk
junky
junkyard
jutter
jutters
lack
lackadaisical
lacked
lackey
lackeys
lacking
lackluster
lacks
laconic
lag
lagged
lagging
laggy
lambast
lambaste
lame
lame-duck
lament
lamentable
lamentably
liar
liars
licentious
licentiously
licentiousness
lie
lied
lier
lies
limitation
limitations
limited
limits
limp
listless
litigious
little-known
livid
lonely
loner
lonesome
long-time
long-winded
longing
longingly
loophole
loopholes
loose
mess
messed
messes
messing
messy
midget
miff
militancy
mindless
mindlessly
mirage
mock
mocked
mockeries
mockery
mocking
mockingly
mocks
molest
molestation
monotonous
misfit
narrower
nastily
nastiness
nasty
naughty
naïve
nebulous
nebulously
needless
needlessly
needy
negate
negation
negative
negatives
negativity
neglect
neglected
negligence
negligent
noisy
non-confidence
nonexistent
nonresponsive
nonsense
object
objection
objectionable
objections
oblique
obliterate
obliterated
oblivious
obnoxious
obnoxiously
offence
offend
offender
offending
offenses
offensive
offensively
offensiveness
officious
ominous
ominously
omission
omit
one-sided
onerous
onerously
onslaught
opinionated
opponent
opportunistic
oppose
opposition
overheat
overkill
overloaded
overlook
overpaid
overpayed
overplay
overpower
overpriced
overrated
overreach
overrun
passive
passiveness
pathetic
pathetically
patronize
paucity
pauper
paupers
payback
peculiar
peculiarly
perfunctory
peril
perilous
perilously
perish
pernicious
perplex

pique
pitiable
pitiful
pitifully
pitiless
pitilessly
pittance
pity
plagiarize
plot
plotters
ploy
plunder
plunderer
pointless
pointlessly
poison
poisonous
poisonously
pollute
polluter
polluters
polution
pompous
poor
poorer
poorest
poorly
posturing
pout
poverty
powerless
prate
primitive
prison
prisoner
problem
problematic
problems
phony
overstates
overtaxed
overthrow
overthrows
overturn
overweight
overwhelm
overwhelmed
overwhelming
overwhelmingly
overwhelms
pain
painful
painfull
painfully
pains
pale
pales
paltry
pan
pandemonium
pander
racism
racist
racists
racy
radical
radicalization
radically
radicals
ranted
ranting
rantingly
rants
rape
raped
raping
rascal
rascals
rash
rattle
rattled
rattles
ravage
raving
reactionary
rebellious
rebuff
rebuke
recalcitrant
recant
recession
recessionary
reckless
recklessly
recklessness
regretted
reject
rejected
rejecting
rejection
rejects
relapse
relentless
relentlessly
relentlessness
reluctance
reluctant
reluctantly
remorse
remorseful
remorsefully
remorseless
remorselessly
remorselessness
renounce
renunciation
repel
retarded
retardedness
retards
reticent
retract
retreat
retreated
revenge
revengeful
revengefully
revert
revile
reviled
revoke
revolt
ridiculously
rife
rift
rifts
rigid
rigidity
rigidness
rile
riled
rip
rip-off
ripoff
ripped
risk
risks
risky
rhetoric
rhetorical
ricer
ridicule
ridicules
ridiculous
rival
rivalry
roadblocks
rocky
rogue
rollercoaster
rot
rotten
rough
rremediable
rubbish
rude
ruin
ruined
ruining
ruinous
ruins
scandel
scandels
scant
scapegoat
scar
scarce
scrap
scratch
scratched
scratches
scratchy
scream
screech
screw-up
screwed
screwed-up
screwy
scuff
scuffs
scum
self-coup
self-criticism
self-defeating
self-destructive
self-humiliation
self-interest
self-interested
self-serving
selfinterested
shallow
sham
shambles
shame
shameful
shamefully
shamefulness
shameless
shamelessly
shamelessness
shark
shimmer
shimmy
shipwreck
shirk
shirker
shit
shiver
shock
shocked
shocking
shockingly
shoddy
short-lived
sick
sicken
sickening
sickeningly
sickly
sickness
sidetrack
sidetracked
siege
sillily
silly
silly
sloooooooooooooow
sloooow
slooow
sloow
slowly
sloww
slowww
slowwww
slug
sluggish
stark
starkly
startle
startling
startlingly
starvation
starve
static
steal
stealing
steals
steep
steeply
stench
stereotype
stereotypical
stereotypically
sloppily
sloppy
sloth
slothful
slow
slow-moving
slowed
slower
slowest
sore
sorely
soreness
sorrow
sorrowful
sorrowfully
sorry
sour
sourly
spurious
spurn
sputter
squabble
squabbling
squander
squash
squeak
squeaks
squeaky
squeal
squealing
stiflingly
stigma
stigmatize
sting
stinging
stingingly
stingy
stink
stinks
stodgy
stole
stress
stresses
stressful
stressfully
stricken
strict
strictly
strident
stridently
strife
stress
stresses
stressful
stressfully
stricken
strict
strictly
strident
stridently
strife
suffer
suffered
sufferer
sufferers
suffering
suffers
suffocate
sugar-coat
sugar-coated
sugarcoated
suicidal
suicide
sulk
succumb
suck
sucked
sucker
sucks
sucky
sue
sued
sueing
sues
stupid
stupidest
stupidity
stupidly
stupified
stupify
stupor
stutter
taint
tainted
tamper
tardy
tarnish
tarnished
tarnishes
tarnishing
tattered
taunt
taunting
tauntingly
taunts
taut
tawdry
taxing
tease
teasingly
tedious
tediously
temerity
temper
tempest
temptation
tenderness
tense
tension
tentative
tentatively
tenuous
tenuously
tepid
terrible
terribleness
terribly
terror
terror-genic
terrorism
terrorize
testily
toil
toll
top-heavy
topple
torment
tormented
torrent
tortuous
torture
tortured
tortures
torturing
torturous
torturously
totalitarian
touchy
toughness
tout
touted
touts
toxic
traduce
tragedy
tragic
tragically
traitor
traitorous
traitorously
tramp
trample
transgress
transgression
trap
traped
trapped
trash
trashed
trashy
trauma
traumatic
traumatically
ugh
uglier
ugliest
ugliness
ugly
ulterior
ultimatum
ultimatums
ultra-hardline
un-viewable
uncivilized
unclean
unclear
uncollectible
uncomfortable
uncomfortably
uncomfy
uncompetitive
uncompromising
uncompromisingly
unconfirmed
unconstitutional
uncontrolled
unconvincing
unconvincingly
uncooperative
uncouth
uncreative
undecided
undefined
undependability
undependable
undercut
undercuts
undercutting
underdog
underestimate
underlings
undermine
undermined
undermines
undermining
underpaid
underpowered
undersized
undesirable
undetermined
undid
undignified
undissolved
undocumented
undone
unfit
unforeseen
unforgiving
unfortunate
unfortunately
unfounded
unkind
unkindly
unknown
unlamentable
unlamentably
unlawful
unlawfully
unlawfulness
unleash
unlicensed
unlikely
unlucky
unmoved
unnatural
unnaturally
unnecessary
unneeded
unnerve
unnerved
unnerving
unnervingly
unnoticed
unobserved
unorthodox
unorthodoxy
unpleasant
unpleasantries
unpopular
unpredictable
unprepared
unproductive
unprofitable
unprove
unproved
unproven
unproves
unproving
unqualified
unravel
unraveled
unreachable
unreadable
unrealistic
unreasonable
unreasonably
unrelenting
unrelentingly
unreliability
unreliable
unresolved
unresponsive
unrest
unruly
unsafe
unsatisfactory
unsavory
unscrupulous
unscrupulously
unsecure
unseemly
unsettle
unsettled
unsettling
unsettlingly
unskilled
unsophisticated
unsound
unspeakable
unspeakablely
unspecified
unstable
unsteadily
unsteadiness
unsteady
unsuccessful
unsuccessfully
unsupported
unsupportive
unsure
unsuspecting
unsustainable
untenable
untested
unthinkable
unthinkably
untimely
untouched
untrue
untrustworthy
untruthful
unusable
unusably
unuseable
unuseably
unusual
unusually
unviewable
unwanted
unwarranted
unwatchable
unwelcome
unwell
unwieldy
unwilling
unwillingly
unwillingness
unwise
unwisely
unworkable
unworthy
unyielding
upbraid
upheaval
uprising
uproar
uproarious
uproariously
uproarous
uproarously
uproot

upset
upseting
upsets
upsetting
upsettingly
urgent
useless
usurp
usurper
utterly
vagrant
vague
vagueness
vain
vainly
vanity
virus
vociferous
vociferously
volatile
volatility
vomit
vomited
vomiting
vomits
vulgar
vulnerable
wack
wail
wallow
wane
wary
washed-out
waste
wasted
wasteful
wastefulness
wasting
water-down
watered-down
wayward
weak
weaken
weakening
weaker
weakness
weaknesses
weariness
wearisome
weary
wedge
weed
weep
weird
weirdly
wheedle
whimper
whine
whining
whiny
whips
whore
whores
wicked
wickedly
wickedness
wild
wildly
wiles
wilt
wily
wimpy
wince
wobble
wobbled
wobbles
woe
worn
worried
worriedly
worrier
worries
worrisome
worry
worrying
worryingly
worse
worsen
worsening
worst
worthless
worthlessly
worthlessness
wrangle
wrath
wreak
wreaked
wreaks
wreck
wrest
wrestle
wretch
wretched
wretchedly
wretchedness
wripped
wripping
writhe
wrong
wrongful
wrongly
wrought
yawn
zap
zapped
zaps
zealot
zealous
zealously
zombie






