Adult Education, Community Development and Counselling Psychology
Anaesthesia
Anatomy, Division of (Dept. of Surgery)
Anthropology
Anthropology and the Study of Religion (UTM)
Art
Astronomy and Astrophysics
Banting and Best Department of Medical Research
Biochemistry
Biology (UTM)
Cell and Systems Biology
Chemical and Physical Sciences (UTM)
Chemical Engineering and Applied Chemistry
Chemistry
Civil Engineering
Classics
Commerce Programs
Computer and Mathematical Sciences (UTSC)
Computer Science
Curriculum, Teaching and Learning
Earth Sciences
East Asian Studies
Ecology and Evolutionary Biology
Economics
Economics (UTM)
Electrical & Computer Engineering
Engineering Science
English
English and Drama(UTM)
Environmental Engineering and Energy Systems
Family and Community Medicine
French
Geography
Geography (UTM)
Germanic Languages and Literatures
Historical Studies (UTM)
History
Human Development and Applied Psychology
Humanities (UTSC)
Immunology
Italian Studies
Laboratory Medicine and Pathobiology
Language Studies 
Lassonde Program in Mineral Engineering
Life Sciences 
Linguistics
Management 
Management 
Materials Science and Engineering
Mathematical and Computational Sciences 
Mathematics
Mechanical and Industrial Engineering
Medical Biophysics
Medical Imaging
Medicine
Molecular Genetics
Near and Middle Eastern Civilizations
Nutritional Sciences
Obstetrics and Gynaecology
Occupational Science and Occupational Therapy
Ophthalmology and Vision Sciences
Otolaryngology 
Paediatrics
Pharmacology
Pharmaceutical Sciences
Philosophy
Philosophy 
Physical and Environmental Sciences 
Physical Therapy
Physics
Physiology
Political Science
Political Science (UTM)
Psychiatry
Psychology
Public Health Sciences
Radiation Oncology
Rehabilitation Science
Religion
Slavic Languages and Literatures
Social Sciences  (UTSC)
Sociology
Sociology (UTM)
Sociology and Equity Studies in Education
Spanish and Portuguese
Speech-Language Pathology
Statistical Sciences
Surgery
Theory and Policy Studies in Education
adult education, community development and counselling psychology
anaesthesia
anatomy, division of (dept. of surgery)
anthropology
anthropology and the study of religion (utm)
art
astronomy and astrophysics
banting and best department of medical research
biochemistry
biology (utm)
cell and systems biology
chemical and physical sciences (utm)
chemical engineering and applied chemistry
chemistry
civil engineering
classics
commerce programs
computer and mathematical sciences (utsc)
computer science
curriculum, teaching and learning
earth sciences
east asian studies
ecology and evolutionary biology
economics
economics (utm)
electrical & computer engineering
engineering science
english
english and drama(utm)
environmental engineering and energy systems
family and community medicine
french
geography
geography (utm)
germanic languages and literatures
historical studies (utm)
history
human development and applied psychology
humanities (utsc)
immunology
italian studies
laboratory medicine and pathobiology
language studies (utm)
lassonde program in mineral engineering
life sciences (utsc)
linguistics
management (utm)
management (utsc)
materials science and engineering
mathematical and computational sciences (utm)
mathematics
mechanical and industrial engineering
medical biophysics
medical imaging
medicine
molecular genetics
near and middle eastern civilizations
nutritional sciences
obstetrics and gynaecology
occupational science and occupational therapy
ophthalmology and vision sciences
otolaryngology 
paediatrics
pharmacology
pharmaceutical sciences
philosophy
philosophy (utm)
physical and environmental sciences (utsc)
physical therapy
physics
physiology
political science
political science (utm)
psychiatry
psychology
public health sciences
radiation oncology
rehabilitation science
religion
slavic languages and literatures
social sciences  (utsc)
sociology
sociology (utm)
sociology and equity studies in education
spanish and portuguese
speech-language pathology
statistical sciences
surgery
theory and policy studies in education
Adult Education, Community Development And Counselling Psychology
Anaesthesia
Anatomy, Division Of (dept. Of Surgery)
Anthropology
Anthropology And The Study Of Religion (utm)
Art
Astronomy And Astrophysics
Banting And Best Department Of Medical Research
Biochemistry
Biology (utm)
Cell And Systems Biology
Chemical And Physical Sciences (utm)
Chemical Engineering And Applied Chemistry
Chemistry
Civil Engineering
Classics
Commerce Programs
Computer And Mathematical Sciences (utsc)
Computer Science
Curriculum, Teaching And Learning
Earth Sciences
East Asian Studies
Ecology And Evolutionary Biology
Economics
Economics (utm)
Electrical & Computer Engineering
Engineering Science
English
English And Drama(utm)
Environmental Engineering And Energy Systems
Family And Community Medicine
French
Geography
Geography (utm)
Germanic Languages And Literatures
Historical Studies (utm)
History
Human Development And Applied Psychology
Humanities (utsc)
Immunology
Italian Studies
Laboratory Medicine And Pathobiology
Language Studies (utm)
Lassonde Program In Mineral Engineering
Life Sciences (utsc)
Linguistics
Management (utm)
Management (utsc)
Materials Science And Engineering
Mathematical And Computational Sciences (utm)
Mathematics
Mechanical And Industrial Engineering
Medical Biophysics
Medical Imaging
Medicine
Molecular Genetics
Near And Middle Eastern Civilizations
Nutritional Sciences
Obstetrics And Gynaecology
Occupational Science And Occupational Therapy
Ophthalmology And Vision Sciences
Otolaryngology 
Paediatrics
Pharmacology
Pharmaceutical Sciences
Philosophy
Philosophy (utm)
Physical And Environmental Sciences (utsc)
Physical Therapy
Physics
Physiology
Political Science
Political Science (utm)
Psychiatry
Psychology
Public Health Sciences
Radiation Oncology
Rehabilitation Science
Religion
Slavic Languages And Literatures
Social Sciences  (utsc)
Sociology
Sociology (utm)
Sociology And Equity Studies In Education
Spanish And Portuguese
Speech-language Pathology
Statistical Sciences
Surgery
Theory And Policy Studies In Education
ADULT EDUCATION, COMMUNITY DEVELOPMENT AND COUNSELLING PSYCHOLOGY
ANAESTHESIA
ANATOMY, DIVISION OF (DEPT. OF SURGERY)
ANTHROPOLOGY
ANTHROPOLOGY AND THE STUDY OF RELIGION (UTM)
ART
ASTRONOMY AND ASTROPHYSICS
BANTING AND BEST DEPARTMENT OF MEDICAL RESEARCH
BIOCHEMISTRY
BIOLOGY (UTM)
CELL AND SYSTEMS BIOLOGY
CHEMICAL AND PHYSICAL SCIENCES (UTM)
CHEMICAL ENGINEERING AND APPLIED CHEMISTRY
CHEMISTRY
CIVIL ENGINEERING
CLASSICS
COMMERCE PROGRAMS
COMPUTER AND MATHEMATICAL SCIENCES (UTSC)
COMPUTER SCIENCE
CURRICULUM, TEACHING AND LEARNING
EARTH SCIENCES
EAST ASIAN STUDIES
ECOLOGY AND EVOLUTIONARY BIOLOGY
ECONOMICS
ECONOMICS (UTM)
ELECTRICAL & COMPUTER ENGINEERING
ENGINEERING SCIENCE
ENGLISH
ENGLISH AND DRAMA(UTM)
ENVIRONMENTAL ENGINEERING AND ENERGY SYSTEMS
FAMILY AND COMMUNITY MEDICINE
FRENCH
GEOGRAPHY
GEOGRAPHY (UTM)
GERMANIC LANGUAGES AND LITERATURES
HISTORICAL STUDIES (UTM)
HISTORY
HUMAN DEVELOPMENT AND APPLIED PSYCHOLOGY
HUMANITIES (UTSC)
IMMUNOLOGY
ITALIAN STUDIES
LABORATORY MEDICINE AND PATHOBIOLOGY
LANGUAGE STUDIES (UTM)
LASSONDE PROGRAM IN MINERAL ENGINEERING
LIFE SCIENCES (UTSC)
LINGUISTICS
MANAGEMENT (UTM)
MANAGEMENT (UTSC)
MATERIALS SCIENCE AND ENGINEERING
MATHEMATICAL AND COMPUTATIONAL SCIENCES (UTM)
MATHEMATICS
MECHANICAL AND INDUSTRIAL ENGINEERING
MEDICAL BIOPHYSICS
MEDICAL IMAGING
MEDICINE
MOLECULAR GENETICS
NEAR AND MIDDLE EASTERN CIVILIZATIONS
NUTRITIONAL SCIENCES
OBSTETRICS AND GYNAECOLOGY
OCCUPATIONAL SCIENCE AND OCCUPATIONAL THERAPY
OPHTHALMOLOGY AND VISION SCIENCES
OTOLARYNGOLOGY 
PAEDIATRICS
PHARMACOLOGY
PHARMACEUTICAL SCIENCES
PHILOSOPHY
PHILOSOPHY (UTM)
PHYSICAL AND ENVIRONMENTAL SCIENCES (UTSC)
PHYSICAL THERAPY
PHYSICS
PHYSIOLOGY
POLITICAL SCIENCE
POLITICAL SCIENCE (UTM)
PSYCHIATRY
PSYCHOLOGY
PUBLIC HEALTH SCIENCES
RADIATION ONCOLOGY
REHABILITATION SCIENCE
RELIGION
SLAVIC LANGUAGES AND LITERATURES
SOCIAL SCIENCES  
SOCIOLOGY
SOCIOLOGY
SOCIOLOGY AND EQUITY STUDIES IN EDUCATION
SPANISH AND PORTUGUESE
SPEECH-LANGUAGE PATHOLOGY
STATISTICAL SCIENCES
SURGERY
THEORY AND POLICY STUDIES IN EDUCATION
Adult education, community development and counselling psychology
Anaesthesia
Anatomy, division of (dept. Of surgery)
Anthropology
Anthropology and the study of religion (utm)
Art
Astronomy and astrophysics
Banting and best department of medical research
Biochemistry
Biology (utm)
Cell and systems biology
Chemical and physical sciences (utm)
Chemical engineering and applied chemistry
Chemistry
Civil engineering
Classics
Commerce programs
Computer and mathematical sciences (utsc)
Computer science
Curriculum, teaching and learning
Earth sciences
East asian studies
Ecology and evolutionary biology
Economics
Economics (utm)
Electrical & computer engineering
Engineering science
English
English and drama(utm)
Environmental engineering and energy systems
Family and community medicine
French
Geography
Geography (utm)
Germanic languages and literatures
Historical studies (utm)
History
Human development and applied psychology
Humanities (utsc)
Immunology
Italian studies
Laboratory medicine and pathobiology
Language studies (utm)
Lassonde program in mineral engineering
Life sciences (utsc)
Linguistics
Management 
Management 
Materials science and engineering
Mathematical and computational sciences 
Mathematics
Mechanical and industrial engineering
Medical biophysics
Medical imaging
Medicine
Molecular genetics
Near and middle eastern civilizations
Nutritional sciences
Obstetrics and gynaecology
Occupational science and occupational therapy
Ophthalmology and vision sciences
Otolaryngology 
Paediatrics
Pharmacology
Pharmaceutical sciences
Philosophy
Philosophy (utm)
Physical and environmental sciences (utsc)
Physical therapy
Physics
Physiology
Political science
Political science (utm)
Psychiatry
Psychology
Public health sciences
Radiation oncology
Rehabilitation science
Religion
Slavic languages and literatures
Social sciences  (utsc)
Sociology
Sociology (utm)
Sociology and equity studies in education
Spanish and portuguese
Speech-language pathology
Statistical sciences
Surgery
Theory and policy studies in education


