Schools, Faculties and Departments
Arts and Humanities
Faculty of Architecture and History of Art
Department of Architecture
Department of History of Art
Faculty of Asian and Middle Eastern Studies
Department of East Asian Studies
Department of Middle Eastern Studies
Faculty of Classics
Museum of Classical Archaeology
Faculty of Divinity
Faculty of English
Department of Anglo-Saxon, Norse and Celtic
Faculty of Modern and Medieval Languages
Department of French
Department of German & Dutch
Department of Italian
Department of Slavonic Studies
Department of Spanish and Portuguese
Department of Theoretical and Applied Linguistics
Modern Greek
Neo-Latin
Faculty of Music
Faculty of Philosophy
Centre for Research in Arts, Humanities and Social Sciences
Language Centre
Humanities & Social Sciences
Faculty of Human, Social and Political Science (HSPS)
Department of Archaeology and Anthropology:
Archaeology
Biological Anthropology
Leverhulme Centre for Human Evolutionary Studies
Social Anthropology
Mongolian and Inner Asian Studies Unit
Museum of Archaeology & Anthropology
McDonald Institute for Archaeological Research
Department of Politics and International Studies:
Centre of African Studies
Centre of Development Studies
Centre of Latin American Studies
Centre of South Asian Studies
Department of Sociology
Faculty of Economics
Faculty of Education
Faculty of History
History and Philosophy of Science:
Whipple Museum of the History of Science
Faculty of Law
Lauterpacht Centre for International Law
Institute of Criminology
Land Economy
Biological Sciences
Faculty of Biology
Biochemistry
Centre for Family Research
Genetics
Pathology
Pharmacology
Physiology, Development and Neuroscience
Plant Sciences
Botanic Garden
Psychology
The Psychometrics Centre
Zoology
Museum of Zoology
Faculty of Veterinary Medicine
Department of Veterinary Medicine
Wellcome Trust Centre for Stem Cell Research
Wellcome Trust/Cancer Research UK Gurdon Institute
Cambridge Systems Biology Centre (CSBC)
Sainsbury Laboratory
Physical Sciences
Faculty of Earth Sciences & Geography
Earth Sciences
Sedgwick Museum of Earth Sciences
Geography
Scott Polar Research Institute
The Polar Museum
Centre for Gender Studies
Faculty of Mathematics
Applied Mathematics and Theoretical Physics
Pure Mathematics and Mathematical Statistics
Statistical Laboratory
Faculty of Physics & Chemistry
Astronomy
Chemistry
Materials Science and Metallurgy
Physics
Isaac Newton Institute for Mathematical Sciences
Clinical Medicine
Clinical Biochemistry
Metabolic Research Laboratories
Clinical Neurosciences
Cambridge Centre for Brain Repair
Neurology Unit
Neurosurgery
Wolfson Brain Imaging Centre
Haematology
Transfusion medicine
Medical Genetics
Medicine
Anaesthesia
Clinical pharmacology
Renal medicine
Obstetrics & Gynaecology
Oncology
Paediatrics
Psychiatry
Brain mapping unit
Developmental psychiatry
Public Health & Primary Care
General Practice & Primary Care Research
Clinical Gerontology
Radiology
Surgery
Orthopaedic Research Unit
Technology
Faculty of Engineering
Department of Engineering:
Energy, fluid mechanics, and turbomachinery
Electrical engineering
Mechanics, materials and design
Civil engineering
Manufacturing and management
Information engineering
Faculty of Business & Management
Judge Business School
Centre for Business Research
Faculty of Computer Science & Technology
Computer Laboratory
Department of Chemical Engineering & Biotechnology
Agriculture Department
Commerce Department
Department of Agriculture
Department of Commerce
Department of Health and Human Services
Department of Housing and Community Development
Department of Interior
Department of Justice
Department of Labor
Department of the Interior
Department of Trade and Industry
Department of Transportation
Department of Treasury
Highway Department
Interior Department
Justice Department
Labor Department
State Department
Transportation Department
Treasury
TREASURY
Treasury Department
